0 fffffda6 trap_G2API_CollisionDetect
0 fffffda7 trap_G2API_CleanGhoul2Models
0 fffffda8 trap_G2API_RemoveGhoul2Model
0 fffffda9 trap_G2API_HasGhoul2ModelOnIndex
0 fffffdaa trap_G2API_DuplicateGhoul2Instance
0 fffffdab trap_G2API_CopySpecificGhoul2Model
0 fffffdac trap_G2API_CopyGhoul2Instance
0 fffffdad trap_G2API_GetGLAName
0 fffffdae trap_G2API_SetBoneAnim
0 fffffdaf trap_G2API_SetBoneAngles
0 fffffdb0 trap_G2API_SetBoltInfo
0 fffffdb1 trap_G2API_AddBolt
0 fffffdb2 trap_G2API_InitGhoul2Model
0 fffffdb3 trap_G2API_GetBoltMatrix_NoRecNoRot
0 fffffdb4 trap_G2API_GetBoltMatrix_NoReconstruct
0 fffffdb5 trap_G2API_GetBoltMatrix
0 fffffdb6 trap_G2_SetGhoul2ModelIndexes
0 fffffdb7 trap_G2_HaveWeGhoul2Models
0 fffffdb8 trap_G2_ListModelSurfaces
0 fffffdb9 trap_G2_ListModelBones
0 fffffdba trap_PC_SourceFileAndLine
0 fffffdbb trap_PC_ReadToken
0 fffffdbc trap_PC_FreeSource
0 fffffdbd trap_PC_LoadSource
0 fffffdbe trap_AAS_PointReachabilityAreaIndex
0 fffffdbf trap_AAS_PredictRoute
0 fffffdc0 trap_AAS_AlternativeRouteGoals
0 fffffdc1 trap_BotAddAvoidSpot
0 fffffdc2 trap_BotSetAvoidGoalTime
0 fffffdc3 trap_BotPredictVisiblePosition
0 fffffdc4 trap_BotRemoveFromAvoidGoals
0 fffffdc5 trap_BotGetChatMessage
0 fffffdc6 trap_BotNumInitialChats
0 fffffdc7 trap_BotGetMapLocationGoal
0 fffffdc8 trap_BotGetNextCampSpotGoal
0 fffffdc9 trap_BotMutateGoalFuzzyLogic
0 fffffdca trap_BotInterbreedGoalFuzzyLogic
0 fffffdcb trap_GeneticParentsAndChildSelection
0 fffffdcc trap_BotResetWeaponState
0 fffffdcd trap_BotFreeWeaponState
0 fffffdce trap_BotAllocWeaponState
0 fffffdcf trap_BotLoadWeaponWeights
0 fffffdd0 trap_BotGetWeaponInfo
0 fffffdd1 trap_BotChooseBestFightWeapon
0 fffffdd2 trap_BotInitMoveState
0 fffffdd3 trap_BotFreeMoveState
0 fffffdd4 trap_BotAllocMoveState
0 fffffdd5 trap_BotMovementViewTarget
0 fffffdd6 trap_BotReachabilityArea
0 fffffdd7 trap_BotResetLastAvoidReach
0 fffffdd8 trap_BotResetAvoidReach
0 fffffdd9 trap_BotMoveInDirection
0 fffffdda trap_BotMoveToGoal
0 fffffddb trap_BotResetMoveState
0 fffffddc trap_BotFreeGoalState
0 fffffddd trap_BotAllocGoalState
0 fffffdde trap_BotSaveGoalFuzzyLogic
0 fffffddf trap_BotFreeItemWeights
0 fffffde0 trap_BotLoadItemWeights
0 fffffde1 trap_BotUpdateEntityItems
0 fffffde2 trap_BotInitLevelItems
0 fffffde3 trap_BotAvoidGoalTime
0 fffffde4 trap_BotGetLevelItemGoal
0 fffffde5 trap_BotItemGoalInVisButNotVisible
0 fffffde6 trap_BotTouchingGoal
0 fffffde7 trap_BotChooseNBGItem
0 fffffde8 trap_BotChooseLTGItem
0 fffffde9 trap_BotGetSecondGoal
0 fffffdea trap_BotGetTopGoal
0 fffffdeb trap_BotGoalName
0 fffffdec trap_BotDumpGoalStack
0 fffffded trap_BotDumpAvoidGoals
0 fffffdee trap_BotEmptyGoalStack
0 fffffdef trap_BotPopGoal
0 fffffdf0 trap_BotPushGoal
0 fffffdf1 trap_BotResetAvoidGoals
0 fffffdf2 trap_BotResetGoalState
0 fffffdf3 trap_BotSetChatName
0 fffffdf4 trap_BotSetChatGender
0 fffffdf5 trap_BotLoadChatFile
0 fffffdf6 trap_BotReplaceSynonyms
0 fffffdf7 trap_UnifyWhiteSpaces
0 fffffdf8 trap_BotMatchVariable
0 fffffdf9 trap_BotFindMatch
0 fffffdfa trap_StringContains
0 fffffdfb trap_BotEnterChat
0 fffffdfc trap_BotChatLength
0 fffffdfd trap_BotReplyChat
0 fffffdfe trap_BotInitialChat
0 fffffdff trap_BotNumConsoleMessages
0 fffffe00 trap_BotNextConsoleMessage
0 fffffe01 trap_BotRemoveConsoleMessage
0 fffffe02 trap_BotQueueConsoleMessage
0 fffffe03 trap_BotFreeChatState
0 fffffe04 trap_BotAllocChatState
0 fffffe05 trap_Characteristic_String
0 fffffe06 trap_Characteristic_BInteger
0 fffffe07 trap_Characteristic_Integer
0 fffffe08 trap_Characteristic_BFloat
0 fffffe09 trap_Characteristic_Float
0 fffffe0a trap_BotFreeCharacter
0 fffffe0b trap_BotLoadCharacter
0 fffffe56 trap_EA_ResetInput
0 fffffe57 trap_EA_GetInput
0 fffffe58 trap_EA_EndRegular
0 fffffe59 trap_EA_View
0 fffffe5a trap_EA_Move
0 fffffe5b trap_EA_DelayedJump
0 fffffe5c trap_EA_Jump
0 fffffe5d trap_EA_SelectWeapon
0 fffffe5e trap_EA_MoveRight
0 fffffe5f trap_EA_MoveLeft
0 fffffe60 trap_EA_MoveBack
0 fffffe61 trap_EA_MoveForward
0 fffffe62 trap_EA_MoveDown
0 fffffe63 trap_EA_MoveUp
0 fffffe64 trap_EA_Crouch
0 fffffe65 trap_EA_Respawn
0 fffffe66 trap_EA_Use
0 fffffe67 trap_EA_ForcePower
0 fffffe68 trap_EA_Alt_Attack
0 fffffe69 trap_EA_Attack
0 fffffe6a trap_EA_Talk
0 fffffe6b trap_EA_Gesture
0 fffffe6c trap_EA_Action
0 fffffe6d trap_EA_Command
0 fffffe6e trap_EA_SayTeam
0 fffffe6f trap_EA_Say
0 fffffec1 trap_AAS_PredictClientMovement
0 fffffec2 trap_AAS_Swimming
0 fffffec3 trap_AAS_AreaTravelTimeToGoalArea
0 fffffec4 trap_AAS_AreaReachability
0 fffffec5 trap_AAS_IntForBSPEpairKey
0 fffffec6 trap_AAS_FloatForBSPEpairKey
0 fffffec7 trap_AAS_VectorForBSPEpairKey
0 fffffec8 trap_AAS_ValueForBSPEpairKey
0 fffffec9 trap_AAS_NextBSPEntity
0 fffffeca trap_AAS_PointContents
0 fffffecb trap_AAS_TraceAreas
0 fffffecc trap_AAS_PointAreaNum
0 fffffecd trap_AAS_Time
0 fffffece trap_AAS_PresenceTypeBoundingBox
0 fffffecf trap_AAS_Initialized
0 fffffed0 trap_AAS_EntityInfo
0 fffffed1 trap_AAS_AreaInfo
0 fffffed2 trap_AAS_BBoxAreas
0 fffffed3 trap_AAS_EnableRoutingArea
0 ffffff2c trap_BotUserCommand
0 ffffff2d trap_BotGetServerCommand
0 ffffff2e trap_BotGetSnapshotEntity
0 ffffff2f trap_BotLibTest
0 ffffff30 trap_BotLibUpdateEntity
0 ffffff31 trap_BotLibLoadMap
0 ffffff32 trap_BotLibStartFrame
0 ffffff33 trap_BotLibDefine
0 ffffff34 trap_BotLibVarGet
0 ffffff35 trap_BotLibVarSet
0 ffffff36 trap_BotLibShutdown
0 ffffff37 trap_BotLibSetup
0 ffffff8c asin
0 ffffff8d acos
0 ffffff90 ceil
0 ffffff91 floor
0 ffffff92 perpendicularvector
0 ffffff93 anglevectors
0 ffffff94 matrixmultiply
0 ffffff95 sqrt
0 ffffff96 atan2
0 ffffff97 cos
0 ffffff98 sin
0 ffffff99 strncpy
0 ffffff9a memcpy
0 ffffff9b memset
0 ffffffcc trap_ROFF_Purge_Ent
0 ffffffcd trap_ROFF_Play
0 ffffffce trap_ROFF_Cache
0 ffffffcf trap_ROFF_UpdateEntities
0 ffffffd0 trap_ROFF_Clean
0 ffffffd1 trap_SP_GetStringTextString
0 ffffffd2 trap_SP_RegisterServer
0 ffffffd3 trap_EntityContactCapsule
0 ffffffd4 trap_TraceCapsule
0 ffffffd5 trap_SnapVector
0 ffffffd6 trap_RealTime
0 ffffffd7 trap_DebugPolygonDelete
0 ffffffd8 trap_DebugPolygonCreate
0 ffffffd9 trap_FS_GetFileList
0 ffffffda trap_GetEntityToken
0 ffffffdb trap_GetUsercmd
0 ffffffdc trap_BotFreeClient
0 ffffffdd trap_BotAllocateClient
0 ffffffde trap_EntityContact
0 ffffffdf trap_EntitiesInBox
0 ffffffe0 trap_UnlinkEntity
0 ffffffe1 trap_LinkEntity
0 ffffffe2 trap_AreasConnected
0 ffffffe3 trap_AdjustAreaPortalState
0 ffffffe4 trap_InPVSIgnorePortals
0 ffffffe5 trap_InPVS
0 ffffffe6 trap_PointContents
0 ffffffe7 trap_Trace
0 ffffffe8 trap_SetBrushModel
0 ffffffe9 trap_GetServerinfo
0 ffffffea trap_SetUserinfo
0 ffffffeb trap_GetUserinfo
0 ffffffec trap_GetConfigstring
0 ffffffed trap_SetConfigstring
0 ffffffee trap_SendServerCommand
0 ffffffef trap_DropClient
0 fffffff0 trap_LocateGameData
0 fffffff1 trap_SendConsoleCommand
0 fffffff2 trap_FS_FCloseFile
0 fffffff3 trap_FS_Write
0 fffffff4 trap_FS_Read
0 fffffff5 trap_FS_FOpenFile
0 fffffff6 trap_Argv
0 fffffff7 trap_Argc
0 fffffff8 trap_Cvar_VariableStringBuffer
0 fffffff9 trap_Cvar_VariableIntegerValue
0 fffffffa trap_Cvar_Set
0 fffffffb trap_Cvar_Update
0 fffffffc trap_Cvar_Register
0 fffffffd trap_Milliseconds
0 fffffffe trap_Error
0 ffffffff trap_Printf
0        0 vmMain
0       a5 G_Printf
0       be G_Error
0       d7 G_FindTeams
0      1db G_RemapTeamShaders
0      1de G_RegisterCvars
0      252 G_UpdateCvars
0      2c6 G_InitGame
0      438 G_ShutdownGame
0      470 Com_Error
0      48b Com_Printf
0      4a6 AddTournamentPlayer
0      51f RemoveTournamentLoser
0      546 RemoveDuelDrawLoser
0      5e8 RemoveTournamentWinner
0      60f AdjustTournamentScores
0      7da SortRanks
0      8af CalculateRanks
0      b69 SendScoreboardMessageToAllClients
0      b92 MoveClientToIntermission
0      c02 FindIntermissionPoint
0      c70 BeginIntermission
0      ce3 DuelLimitHit
0      d1a DuelResetWinsLosses
0      d4b ExitLevel
0      dd8 G_LogPrintf
0      e44 LogExit
0      f2d CheckIntermissionExit
0     124e ScoreIsTied
0     1297 CheckExitRules
0     1497 CheckTournament
0     161e CheckVote
0     175c PrintTeam
0     1787 SetLeader
0     184a CheckTeamLeader
0     18e2 CheckTeamVote
0     19db CheckCvars
0     1a08 G_RunThink
0     1a41 G_RunFrame
0     1cd3 G_GetStripEdString
0     1ce4 BotStraightTPOrderCheck
0     1d4e BotSelectWeapon
0     1d60 BotReportStatus
0     1dbf BotOrder
0     1f5a BotMindTricked
0     1fd1 BotAI_Print
0     1fd4 IsTeamplay
0     1fe1 BotAI_GetClientState
0     2012 BotAI_GetEntityState
0     2057 BotAI_GetSnapshotEntity
0     2088 BotEntityInfo
0     2094 NumBots
0     209a AngleDifference
0     20c2 BotChangeViewAngle
0     212e BotChangeViewAngles
0     22cd BotInputToUserCommand
0     2579 BotUpdateInput
0     263c BotAIRegularUpdate
0     264d RemoveColorEscapeSequences
0     26c9 BotAI
0     281a BotScheduleBotThink
0     2858 PlayersInGame
0     2899 BotAISetupClient
0     29b9 BotAIShutdownClient
0     2a08 BotResetState
0     2af3 BotAILoadMap
0     2b2d OrgVisible
0     2b53 WPOrgVisible
0     2be8 OrgVisibleBox
0     2c18 CheckForFunc
0     2c6b GetNearestVisibleWP
0     2d31 PassWayCheck
0     2dcb TotalTrailDistance
0     2ea4 CheckForShorterRoutes
0     2ff6 WPConstantRoutine
0     3150 BotCTFGuardDuty
0     316c WPTouchRoutine
0     3333 MoveTowardIdealAngles
0     3343 BotTrace_Strafe
0     34e1 BotTrace_Jump
0     361a BotTrace_Duck
0     36fe PassStandardEnemyChecks
0     38e5 BotDamageNotification
0     39f0 BotCanHear
0     3aee UpdateEventTracker
0     3b51 InFieldOfVision
0     3bd3 PassLovedOneCheck
0     3ca3 ScanForEnemies
0     3edf WaitingForNow
0     3fb5 BotGetWeaponRange
0     4005 BotIsAChickenWuss
0     4107 GetNearestBadThing
0     43b6 BotDefendFlag
0     442b BotGetEnemyFlag
0     44a0 BotGetFlagBack
0     4598 BotGuardFlagCarrier
0     4690 BotGetFlagHome
0     4705 GetNewFlagPoint
0     481c CTFTakesPriority
0     4b27 EntityVisibleBox
0     4b64 Saga_TargetClosestObjective
0     4d88 Saga_DefendFromAttackers
0     4e7e Saga_CountDefenders
0     4ee4 Saga_CountTeammates
0     4f35 SagaTakesPriority
0     524d JMTakesPriority
0     5334 BotHasAssociated
0     53f3 GetBestIdleGoal
0     54de GetIdealDestination
0     5ab6 CommanderBotCTFAI
0     5d8c CommanderBotSagaAI
0     5eb7 BotDoTeamplayAI
0     5ee2 CommanderBotTeamplayAI
0     6089 CommanderBotAI
0     60b2 MeleeCombatHandling
0     6210 SaberCombatHandling
0     65c0 BotWeaponCanLead
0     6604 BotAimLeading
0     675b BotAimOffsetGoalAngles
0     695d ShouldSecondaryFire
0     6a65 CombatBotAI
0     6c47 BotFallbackNavigation
0     6cea BotTryAnotherWeapon
0     6d6a BotWeaponSelectable
0     6da0 BotSelectIdealWeapon
0     6f3e BotSelectChoiceWeapon
0     6fcc BotSelectMelee
0     6ffd GetLoveLevel
0     7092 BotLovedOneDied
0     71df BotDeathNotify
0     7265 StrafeTracing
0     734b PrimFiring
0     737c KeepPrimFromFiring
0     73b1 AltFiring
0     73e2 KeepAltFromFiring
0     7417 CheckForFriendInLOF
0     74de BotScanForLeader
0     756e BotReplyGreetings
0     75dd CTFFlagMovement
0     77bf BotCheckDetPacks
0     7905 BotUseInventoryItem
0     79df BotSurfaceNear
0     7a44 BotWeaponBlockable
0     7a79 StandardBotAI
0     9ac4 BotAIStartFrame
0     9bc2 BotAISetup
0     9c57 BotAIShutdown
0     9c95 B_TempAlloc
0     9ca2 B_TempFree
0     9cab B_Alloc
0     9cb8 B_Free
0     9cbb B_InitAlloc
0     9cc7 B_CleanupAlloc
0     9cca GetValueGroup
0     9dc5 GetPairedValue
0     9f6b BotDoChat
0     a238 ParseEmotionalAttachments
0     a37b ReadChatGroups
0     a40b BotUtilizePersonality
0     a8af GetFlagStr
0     abaa G_TestLine
0     abe4 BotWaypointRender
0     ae12 TransferWPData
0     af36 CreateNewWP
0     afd4 CreateNewWP_FromObject
0     b13f RemoveWP
0     b195 RemoveWP_InTrail
0     b27a CreateNewWP_InTrail
0     b3c9 TeleportToWP
0     b44f WPFlagsModify
0     b48e NotWithinRange
0     b4c3 NodeHere
0     b555 CanGetToVector
0     b584 CanGetToVectorTravel
0     b6a8 ConnectTrail
0     bcb9 OpposingEnds
0     bd37 DoorBlockingSection
0     be1a RepairPaths
0     bf4c OrgVisibleCurve
0     bfac CanForceJumpTo
0     c097 CalculatePaths
0     c311 GetObjectThatTargets
0     c340 CalculateSagaGoals
0     c46d GetNearestVisibleWPToItem
0     c559 CalculateWeightGoals
0     c729 CalculateJumpRoutes
0     c84d LoadPathData
0     cbf4 FlagObjects
0     ce20 SavePathData
0     d161 LoadPath_ThisLevel
0     d1fc GetClosestSpawn
0     d29a GetNextSpawnInIndex
0     d33e AcceptBotCommand
0     d7b1 swapfunc
0     d838 med3
0     d8bb qsort
0     dc74 strlen
0     dc8f strcat
0     dcd2 strcpy
0     dd07 strcmp
0     dd40 strchr
0     dd5f strstr
0     dda5 tolower
0     ddbd toupper
0     ddd5 memmove
0     de1c tan
0     de33 srand
0     de3a rand
0     de4f atof
0     df14 _atof
0     dfdf atoi
0     e057 _atoi
0     e0d9 abs
0     e0ee fabs
0     e103 AddInt
0     e1de AddFloat
0     e2ec AddString
0     e383 vsprintf
0     e51b sscanf
0     e586 BG_LegalizedForcePowers
0     e962 vectoyaw
0     e9bc BG_HasYsalamiri
0     e9eb BG_CanUseFPNow
0     ea69 BG_FindItemForPowerup
0     eaa5 BG_FindItemForHoldable
0     eadf BG_FindItemForWeapon
0     eb12 BG_FindItem
0     eb3b BG_PlayerTouchesItem
0     eb9b BG_ProperForceIndex
0     ebbe BG_CycleForce
0     ec96 BG_GetItemIndexByTag
0     ecc6 BG_CycleInven
0     ed32 BG_CanItemBeGrabbed
0     ef98 BG_EvaluateTrajectory
0     f166 BG_EvaluateTrajectoryDelta
0     f260 BG_AddPredictableEventToPlayerstate
0     f29b BG_TouchJumpPad
0     f2ff BG_PlayerStateToEntityState
0     f614 BG_PlayerStateToEntityStateExtraPolate
0     f936 BG_Alloc
0     f976 BG_AllocUnaligned
0     f9a9 BG_TempAlloc
0     f9e1 BG_TempFree
0     fa0e BG_StringAlloc
0     fa31 BG_OutOfMemory
0     fa43 PM_GetSaberStance
0     fa99 PM_DoSlowFall
0     fabc PM_AddEvent
0     facb PM_AddEventWithParm
0     fadb PM_AddTouchEnt
0     fb30 PM_ClipVelocity
0     fba9 PM_Friction
0     fca5 PM_Accelerate
0     fd21 PM_CmdScale
0     fdb8 PM_SetMovementDir
0     ff04 PM_ForceJumpingUp
0     ffc3 PM_JumpForDir
0    10066 PM_SetPMViewAngle
0    100a7 PM_AdjustAngleForWallRun
0    102ab PM_SetForceJumpZStart
0    102cd PM_CheckJump
0    111ff PM_CheckWaterJump
0    112e6 PM_WaterJumpMove
0    11327 PM_WaterMove
0    11458 PM_FlyMove
0    11512 PM_AirMove
0    115d5 PM_WalkMove
0    11877 PM_DeadMove
0    118f0 PM_NoclipMove
0    11a62 PM_FootstepForSurface
0    11a7b PM_TryRoll
0    11c7c PM_CrashLand
0    11f9a PM_CorrectAllSolid
0    12081 PM_GroundTraceMissed
0    12212 PM_GroundTrace
0    123a5 PM_SetWaterLevel
0    12472 PM_CheckDuck
0    12648 PM_Use
0    12691 PM_RunningAnim
0    126bf PM_Footsteps
0    12a8d PM_WaterEvents
0    12ae4 PM_BeginWeaponChange
0    12b4a PM_FinishWeaponChange
0    12b9d PM_DoChargedWeapons
0    13077 PM_ItemUsable
0    132ad PM_Weapon
0    13c66 PM_Animate
0    13cd3 PM_DropTimers
0    13d5d PM_UpdateViewAngles
0    13e01 PM_AdjustAttackStates
0    14179 BG_CmdForRoll
0    141ce BG_AdjustClientSpeed
0    14638 PmoveSingle
0    14b79 Pmove
0    14c25 BG_InSpecialJump
0    14c4a BG_InSaberStandAnim
0    14c70 BG_DirectFlippingAnim
0    14c8f BG_SaberInAttack
0    14cbc BG_SaberInSpecial
0    14cd9 BG_SaberInIdle
0    14cf6 BG_FlippingAnim
0    14d32 BG_SpinningSaberAnim
0    14e1c BG_SaberInSpecialAttack
0    14e56 BG_BrokenParryForAttack
0    14e94 BG_BrokenParryForParry
0    14ee6 BG_KnockawayForParry
0    14f0f BG_InRoll
0    14f35 BG_InDeathAnim
0    14f6a PM_SaberBounceForAttack
0    14fa4 PM_SaberDeflectionForQuad
0    14fdd PM_SaberInDeflect
0    14ff2 PM_SaberInParry
0    15007 PM_SaberInKnockaway
0    1501c PM_SaberInReflect
0    15031 PM_SaberInStart
0    15046 PM_SaberInReturn
0    15060 PM_InSaberAnim
0    15077 PM_InKnockDown
0    150a4 PM_PainAnim
0    150c3 PM_JumpingAnim
0    150e2 PM_LandingAnim
0    15129 PM_SpinningAnim
0    15136 PM_InOnGroundAnim
0    15193 PM_InRollComplete
0    151b9 PM_AnimLength
0    151e6 PM_DebugLegsAnim
0    15231 BG_ParseAnimationFile
0    153a9 PM_StartLegsAnim
0    1542e PM_ContinueLegsAnim
0    1544e PM_ForceLegsAnim
0    154be PM_StartTorsoAnim
0    154f3 PM_SetLegsAnimTimer
0    15511 PM_SetTorsoAnimTimer
0    1552f BG_SaberStartTransAnim
0    1557e PM_SetAnimFinal
0    15796 PM_SetAnim
0    1580f PM_SlideMove
0    15bff PM_StepSlideMove
0    15f4e PM_irand_timesync
0    15f83 BG_ForcePowerDrain
0    16041 PM_AttackMoveForQuad
0    16076 PM_SaberAnimTransitionAnim
0    16197 PM_SaberMoveQuadrantForMovement
0    161fc PM_SaberInBounce
0    16221 PM_SaberInTransition
0    16236 PM_SaberAttackChainAngle
0    16266 PM_SaberKataDone
0    16367 PM_SetAnimFrame
0    16371 PM_SaberLockBreak
0    16646 PM_SaberLocked
0    1686a PM_SaberInBrokenParry
0    1688f PM_BrokenParryForParry
0    168d1 PM_CanBackstab
0    16952 PM_SaberFlipOverAttackMove
0    16a3f PM_SomeoneInFront
0    16acf PM_SaberLungeAttackMove
0    16b19 PM_SaberJumpAttackMove
0    16b81 PM_GroundDistance
0    16bea PM_SaberAttackForMovement
0    16d77 PM_WeaponLightsaber
0    1760d PM_SetSaberMove
0    178a5 P_SetTwitchInfo
0    178bd M_StringEscapeToEnters
0    17928 P_DamageFeedback
0    17a32 P_WorldEffects
0    17bd9 DoImpact
0    17e53 G_SetClientSound
0    17e84 ClientImpacts
0    17f27 G_TouchTriggers
0    18109 G_MoverTouchPushTriggers
0    182b9 SpectatorThink
0    18360 ClientInactivityTimer
0    18402 ClientTimerActions
0    18608 ClientIntermissionThink
0    18663 ClientEvents
0    187fb SendPendingPredictableEvents
0    188a2 G_UpdateForceSightBroadcasts
0    18982 G_UpdateJediMasterBroadcasts
0    18a64 G_UpdateClientBroadcasts
0    18a7f ClientThink_real
0    19aad G_CheckClientTimeouts
0    19ada ClientThink
0    19b15 G_RunClient
0    19b3c SpectatorClientEndFrame
0    19c13 ClientEndFrame
0    19ceb UpdateTournamentInfo
0    19ed0 trap_Cvar_VariableValue
0    19ee6 G_ParseInfos
0    19fd4 G_LoadArenasFromFile
0    1a054 G_GetMapTypeBits
0    1a0f6 G_DoesMapSupportGametype
0    1a189 G_RefreshNextMap
0    1a296 G_LoadArenas
0    1a348 G_GetArenaInfoByMap
0    1a383 G_AddRandomBot
0    1a4f0 G_RemoveRandomBot
0    1a56c G_CountHumanPlayers
0    1a5bc G_CountBotPlayers
0    1a636 G_CheckMinimumPlayers
0    1a7b3 G_CheckBotSpawn
0    1a7f2 AddBotToSpawnQueue
0    1a82f G_RemoveQueuedBotBegin
0    1a853 G_BotConnect
0    1a8b5 G_AddBot
0    1abce Svcmd_AddBot_f
0    1ac65 Svcmd_BotList_f
0    1ad19 G_LoadBotsFromFile
0    1ad99 G_LoadBots
0    1ae26 G_GetBotInfoByNumber
0    1ae51 G_GetBotInfoByName
0    1ae90 G_InitBots
0    1aea7 SP_info_player_deathmatch
0    1aee0 SP_info_player_start
0    1aeef SP_info_player_imperial
0    1af02 SP_info_player_rebel
0    1af15 SP_info_player_intermission
0    1af18 ThrowSaberToAttacker
0    1b0df JMSaberThink
0    1b1da JMSaberTouch
0    1b35a SP_info_jedimaster_start
0    1b414 SpotWouldTelefrag
0    1b495 SelectNearestDeathmatchSpawnPoint
0    1b4f9 SelectRandomDeathmatchSpawnPoint
0    1b559 SelectRandomFurthestSpawnPoint
0    1b6c9 G_FindClientByName
0    1b712 SelectSpawnPoint
0    1b725 SelectInitialSpawnPoint
0    1b78a SelectSpectatorSpawnPoint
0    1b79a InitBodyQue
0    1b7ca BodySink
0    1b7fc CopyToBodyQue
0    1b9e8 SetClientViewAngle
0    1ba40 respawn
0    1bbd6 TeamCount
0    1bc17 TeamLeader
0    1bc58 PickTeam
0    1bca6 ClientCleanName
0    1bdb7 SetupGameGhoul2Model
0    1bf66 ClientUserinfoChanged
0    1c33d ClientConnect
0    1c58a ClientBegin
0    1c8de AllForceDisabled
0    1c905 ClientSpawn
0    1cfb8 ClientDisconnect
0    1d1f2 uwRename
0    1d21f G_IgnoreClientChat
0    1d28e G_IsClientChatIgnored
0    1d2ba G_RemoveFromAllIgnoreLists
0    1d2f6 Admin_Teleport
0    1d352 DeathmatchScoreboardMessage
0    1d48b Cmd_Score_f
0    1d494 CheatsOk
0    1d4e8 ConcatArgs
0    1d553 SanitizeString
0    1d5a5 ClientNumberFromString
0    1d671 Cmd_Give_f
0    1d91d Cmd_God_f
0    1d962 Cmd_Notarget_f
0    1d9a7 Cmd_Noclip_f
0    1d9fa Cmd_LevelShot_f
0    1da2b Cmd_TeamTask_f
0    1da82 Cmd_Kill_f
0    1db20 G_GetDuelWinner
0    1db65 BroadcastTeamChange
0    1dc3b SetTeam
0    1df8a StopFollowing
0    1e003 Cmd_Team_f
0    1e116 Cmd_ForceChanged_f
0    1e184 Cmd_Follow_f
0    1e21e Cmd_FollowCycle_f
0    1e2c3 G_SayTo
0    1e3bf G_Say
0    1e5ca Cmd_Say_f
0    1e603 Cmd_Tell_f
0    1e6ad G_VoiceTo
0    1e723 G_Voice
0    1e787 Cmd_Voice_f
0    1e7c3 Cmd_VoiceTell_f
0    1e873 Cmd_VoiceTaunt_f
0    1ea32 Cmd_GameCommand_f
0    1eaa7 Cmd_Where_f
0    1eac9 G_ClientNumberFromName
0    1eb0b SanitizeString2
0    1eb89 G_ClientNumberFromStrippedSubstring
0    1ebdf G_ClientNumberFromArg
0    1ec2f G_ClientNumberFromStrippedName
0    1ec71 Cmd_CallVote_f
0    1f16f Cmd_Vote_f
0    1f26d Cmd_CallTeamVote_f
0    1f5db Cmd_TeamVote_f
0    1f712 Cmd_SetViewpos_f
0    1f7aa Cmd_Stats_f
0    1f7ad G_ItemUsable
0    1f9e2 Cmd_ToggleSaber_f
0    1fb1e Cmd_SaberAttackCycle_f
0    1fb8e G_OtherPlayersDueling
0    1fbd5 Cmd_EngageDuel_f
0    1ff3a StandardSetBodyAnim
0    1ff73 ClientCommand
0    24b78 ObjectDie
0    24b91 G_GetHitLocation
0    24de7 ExplodeDeath
0    24e79 ScorePlum
0    24eae AddScore
0    24ef0 TossClientWeapon
0    2508c TossClientItems
0    25194 LookAtKiller
0    25266 GibEntity
0    25286 BodyRid
0    25295 body_die
0    2533e CheckAlmostCapture
0    25341 G_InKnockDown
0    25367 G_CheckSpecialDeathAnim
0    259ea G_PickDeathAnim
0    25cd0 G_GetJediMaster
0    25d18 player_die
0    2651f CheckArmor
0    265a3 G_ApplyKnockback
0    2673a RaySphereIntersections
0    268e4 LimbTouch
0    268e7 LimbThink
0    2695d G_GetDismemberLoc
0    26be1 G_GetDismemberBolt
0    26dd9 G_Dismember
0    26fc9 DismembermentTest
0    26feb DismembermentByNum
0    27042 G_GetHitQuad
0    2712b G_CheckForDismemberment
0    27216 G_ThereIsAMaster
0    27251 G_Damage
0    27c6c CanDamage
0    27d97 G_RadiusDamage
0    27f14 adjustRespawnTime
0    27f75 ShieldRemove
0    27f98 ShieldThink
0    27fc5 ShieldDie
0    27fd9 ShieldPain
0    27ffc ShieldGoSolid
0    2809d ShieldGoNotSolid
0    280e0 ShieldTouch
0    2813c CreateShield
0    283a7 PlaceShield
0    28572 ItemUse_Binoculars
0    285e7 ItemUse_Shield
0    285f0 SentryTouch
0    285f3 pas_fire
0    2866f G_SetEnemy
0    28682 pas_find_enemies
0    2881f pas_adjust_enemy
0    288ee sentryExpire
0    28905 pas_think
0    28cfa turret_die
0    28da2 SP_PAS
0    28e2d ItemUse_Sentry
0    28ff4 ItemUse_Seeker
0    29022 ItemUse_MedPack
0    290aa Pickup_Powerup
0    29232 Pickup_Holdable
0    2928c Add_Ammo
0    292e2 Pickup_Ammo
0    2932d Pickup_Weapon
0    2942a Pickup_Health
0    294ca Pickup_Armor
0    29536 RespawnItem
0    2964f Touch_Item
0    299d6 LaunchItem
0    29b3f Drop_Item
0    29ba2 Use_Item
0    29bab FinishSpawningItem
0    29e1f G_CheckTeamItems
0    29e75 ClearRegisteredItems
0    29ea5 RegisterItem
0    29ebd SaveRegisteredItems
0    29f05 G_ItemDisabled
0    29f1e G_SpawnItem
0    29fe0 ResetItem
0    2a01d G_BounceItem
0    2a212 G_RunItem
0    2a2e0 G_LogWeaponInit
0    2a33d G_LogWeaponPickup
0    2a35d G_LogWeaponFire
0    2a3c3 G_LogWeaponDamage
0    2a3ea G_LogWeaponKill
0    2a410 G_LogWeaponFrag
0    2a43f G_LogWeaponDeath
0    2a465 G_LogWeaponPowerup
0    2a48b G_LogWeaponItem
0    2a4b1 G_LogWeaponOutput
0    2b349 CalculateEfficiency
0    2b3d7 CalculateSharpshooter
0    2b461 CalculateUntouchable
0    2b4ac CalculateLogistics
0    2b585 CalculateTactician
0    2b6fb CalculateDemolitionist
0    2b7da CalculateStreak
0    2b7df CalculateTeamMVP
0    2b855 CalculateTeamMVPByRank
0    2b8e3 CalculateTeamDefender
0    2b959 CalculateTeamWarrior
0    2b9cf CalculateTeamCarrier
0    2ba45 CalculateTeamInterceptor
0    2bac8 CalculateTeamRedShirt
0    2bb4b CalculateTeamAward
0    2bbc6 CalculateSection31Award
0    2bc22 CalculateAwards
0    2bdc3 GetMaxDeathsForClient
0    2be09 GetMaxKillsForClient
0    2be4f GetFavoriteTargetForClient
0    2be9c GetWorstEnemyForClient
0    2beff GetFavoriteWeaponForClient
0    2bf87 G_ClearClientLog
0    2c0a1 G_Alloc
0    2c0ec G_InitMemory
0    2c0f2 Svcmd_GameMem_f
0    2c0ff SP_info_camp
0    2c111 SP_info_null
0    2c11a SP_info_notnull
0    2c12c SP_light
0    2c135 TeleportPlayer
0    2c260 SP_misc_teleporter_dest
0    2c263 SP_misc_model
0    2c26c SP_misc_G2model
0    2c275 locateCamera
0    2c354 SP_misc_portal_surface
0    2c3c6 SP_misc_portal_camera
0    2c41c HolocronRespawn
0    2c42f HolocronPopOut
0    2c4a8 HolocronTouch
0    2c61c HolocronThink
0    2c8c4 SP_misc_holocron
0    2ca6e Use_Shooter
0    2cb68 InitShooter_Finish
0    2cb8c InitShooter
0    2cbfa SP_shooter_blaster
0    2cc05 check_recharge
0    2cc44 EnergyShieldStationSettings
0    2cc79 shield_power_converter_use
0    2cd7d SP_misc_shield_floor_unit
0    2cee9 SP_misc_model_shield_power_converter
0    2cfaf EnergyAmmoStationSettings
0    2cfcb ammo_power_converter_use
0    2d0cd SP_misc_model_ammo_power_converter
0    2d186 EnergyHealthStationSettings
0    2d1a2 health_power_converter_use
0    2d24b SP_misc_model_health_power_converter
0    2d304 DmgBoxHit
0    2d307 DmgBoxUpdateSelf
0    2d39e DmgBoxAbsorb_Die
0    2d3a7 DmgBoxAbsorb_Pain
0    2d3b0 CreateNewDamageBox
0    2d42d ATST_ManageDamageBoxes
0    2d5fd G_PlayerBecomeATST
0    2d674 fx_runner_think
0    2d6c2 fx_runner_use
0    2d70b fx_runner_link
0    2d7fe SP_fx_runner
0    2d90d ExampleAnimEntCustomData
0    2d940 ExampleAnimEntCustomDataExists
0    2d998 ExampleAnimEntCustomDataEntry
0    2dabf AnimEntCustomSoundPrecache
0    2dba0 ExampleAnimEntCustomSound
0    2dd05 ExampleAnimEntAlignment
0    2dd47 ExampleAnimEntAlertOthers
0    2dddb ExampleAnimEnt_Die
0    2dfab ExampleAnimEnt_Pain
0    2e0e2 ExampleAnimEntTouch
0    2e0e5 ExampleAnimEntMove
0    2e2f2 ExampleAnimEntYaw
0    2e350 ExampleAnimEntLook
0    2e3ba ExampleAnimEntClearLOS
0    2e478 ExampleAnimEntWeaponHandling
0    2e517 ExampleAnimEntWayValidCheck
0    2e58d ExampleAnimEntNavigation
0    2e6db ExampleAnimEntEnemyHandling
0    2eabb ExampleAnimEntUpdateSelf
0    2f13c G_SpawnExampleAnimEnt
0    2f49e AESpawner_CountAnimEnts
0    2f505 AESpawner_NoClientInPVS
0    2f546 AESpawner_PassAnimEntPVSCheck
0    2f59e AESpawner_Think
0    2f672 SP_misc_animent_spawner
0    2f8ce Use_Target_Screenshake
0    2f8fb SP_target_screenshake
0    2f934 Use_Target_Escapetrig
0    2f9e6 SP_target_escapetrig
0    2fa13 G_CreateExampleAnimEnt
0    2fb02 G_ReflectMissile
0    2fd98 G_DeflectMissile
0    2fec3 G_BounceMissile
0    300ab G_ExplodeMissile
0    30179 G_RunStuckMissile
0    301fa G_BounceProjectile
0    302b9 CreateMissile
0    3039c G_MissileImpact
0    3090b G_RunMissile
0    30b2c G_TestEntityPosition
0    30bb3 G_CreateRotationMatrix
0    30bd5 G_TransposeMatrix
0    30c16 G_RotatePoint
0    30c82 G_TryPushingEntity
0    30f74 G_MoverPush
0    312c1 G_MoverTeam
0    313f4 G_RunMover
0    31425 SetMoverState
0    31564 MatchTeam
0    31584 ReturnToPos1
0    315b9 Reached_BinaryMover
0    316c2 Use_BinaryMover
0    31807 InitMover
0    31997 Blocked_Door
0    31aea Touch_DoorTriggerSpectator
0    31bc3 Touch_DoorTrigger
0    31c15 Think_SpawnNewDoorTrigger
0    31d17 Think_MatchTeam
0    31d2d SP_func_door
0    31f4b Touch_Plat
0    31fcf Touch_PlatCenterTrigger
0    32010 SpawnPlatTrigger
0    320fe SP_func_plat
0    32271 Touch_Button
0    32294 SP_func_button
0    32418 Think_BeginMoving
0    32428 Reached_Train
0    3250d Think_SetupTrainTargets
0    325c4 SP_path_corner
0    325e5 SP_func_train
0    3267a SP_func_static
0    326ad SP_func_rotating
0    32753 SP_func_bobbing
0    32805 SP_func_pendulum
0    328be BreakableBrushDie
0    329be BreakableBrushPain
0    329c1 BrushThink
0    329e4 BreakableBrushUse
0    32a0e SP_func_breakable
0    32bef GlassDie
0    32c89 GlassDie_Old
0    32cfa GlassPain
0    32cfd GlassUse
0    32df2 SP_func_glass
0    32e7f func_wait_return_solid
0    32f0f func_usable_think
0    32f35 func_usable_use
0    33002 func_usable_pain
0    3301d func_usable_die
0    3303a SP_func_usable
0    330e3 pitch_roll_for_slope
0    33271 G_BounceObject
0    333b0 G_RunObject
0    33647 G_StopObjectMoving
0    33686 G_StartObjectMoving
0    336e5 InitSagaMode
0    337c1 UseSagaTarget
0    33838 SagaBroadcast_OBJECTIVECOMPLETE
0    33879 SagaBroadcast_ROUNDOVER
0    338b3 BroadcastObjectiveCompletion
0    338fa AddSagaWinningTeamPoints
0    33957 SagaRoundComplete
0    339b1 SagaObjectiveCompleted
0    33a13 StripTabs
0    33a53 sagaTriggerUse
0    33b59 SP_info_saga_objective
0    33bac G_WriteClientSessionData
0    33c2c G_ReadSessionData
0    33cb5 G_InitSessionData
0    33dda G_InitWorldSession
0    33dfd G_WriteSessionData
0    33e38 G_SpawnString
0    33e7c G_SpawnFloat
0    33e9e G_SpawnInt
0    33ec0 G_SpawnVector
0    33eef SP_item_botroam
0    33ef2 G_CallSpawn
0    33f71 G_NewString
0    33ff5 G_ParseField
0    340dd G_SpawnGEntityFromSpawnVars
0    341c8 G_AddSpawnVarToken
0    34209 G_ParseSpawnVars
0    34299 SP_worldspawn
0    344a6 G_SpawnEntitiesFromString
0    344cf StringToFilter
0    34582 UpdateIPBans
0    345f2 G_FilterPacket
0    346a5 G_CheckMaxConnections
0    34781 AddIP
0    347d7 InitialAddIP
0    3482a G_ProcessIPBans
0    348d2 Svcmd_AddIP_f
0    348f2 Svcmd_RemoveIP_f
0    3495a Svcmd_EntityList_f
0    34a14 ClientForString
0    34aab Svcmd_ForceTeam_f
0    34ae1 Svcmd_LockTeam
0    34cec Svcmd_Slap
0    34de9 Svcmd_Slay
0    34f0f Svcmd_Rename
0    34faa Svcmd_Silence
0    350b9 Svcmd_Punish
0    3521f Svcmd_CSprint
0    3530c Svcmd_ChangeMode
0    3549c Svcmd_Sleep
0    355fa Svcmd_Empower
0    358dd Svcmd_Who
0    3591a Svcmd_Terminator
0    35bb6 Svcmd_Protect
0    35d09 Svcmd_ChangeMap
0    35d5b Svcmd_Teleport
0    35fd5 Svcmd_AdminKick
0    36052 Svcmd_AdminBan
0    360e8 ConsoleCommand
0    362f5 Use_Target_Give
0    3634f SP_target_give
0    36358 Use_target_remove_powerups
0    363a4 SP_target_remove_powerups
0    363ad Think_Target_Delay
0    363c0 Use_Target_Delay
0    36412 SP_target_delay
0    36445 Use_Target_Score
0    3645d SP_target_score
0    36473 Use_Target_Print
0    364fa SP_target_print
0    36503 Use_Target_Speaker
0    36582 SP_target_speaker
0    36664 target_laser_think
0    367c0 target_laser_on
0    367db target_laser_off
0    367ea target_laser_use
0    36809 target_laser_start
0    3689a SP_target_laser
0    368ac target_teleporter_use
0    368e1 SP_target_teleporter
0    36908 target_relay_use
0    36999 SP_target_relay
0    369a2 target_kill_use
0    369c3 SP_target_kill
0    369cc SP_target_position
0    369de target_location_linkup
0    36a4e SP_target_location
0    36a6f Team_InitGame
0    36aa2 OtherTeam
0    36ab8 TeamName
0    36ad5 OtherTeamName
0    36af2 TeamColorString
0    36b0f PrintCTFMessage
0    36b67 AddTeamScore
0    36bf2 OnSameTeam
0    36c7e Team_SetFlagStatus
0    36ce2 Team_CheckDroppedItem
0    36d1c Team_ForceGesture
0    36d61 Team_FragBonuses
0    372c0 Team_CheckHurtCarrier
0    37356 Team_ResetFlag
0    373c0 Team_ResetFlags
0    373d5 Team_ReturnFlagSound
0    37412 Team_TakeFlagSound
0    37481 Team_CaptureFlagSound
0    374be Team_ReturnFlag
0    374e1 Team_FreeEntity
0    37515 Team_DroppedFlagThink
0    37556 Team_TouchOurFlag
0    377ae Team_TouchEnemyFlag
0    377fe Pickup_Team
0    37875 Team_GetLocation
0    378ef Team_GetLocationMsg
0    37956 SelectRandomTeamSpawnPoint
0    37a04 SelectCTFSpawnPoint
0    37a49 SelectSagaSpawnPoint
0    37a8e SortClients
0    37a99 TeamplayInfoMessage
0    37bf7 CheckTeamStatus
0    37cac SP_team_CTF_redplayer
0    37caf SP_team_CTF_blueplayer
0    37cb2 SP_team_CTF_redspawn
0    37cb5 SP_team_CTF_bluespawn
0    37cb8 InitTrigger
0    37cf7 multi_wait
0    37d00 multi_trigger
0    37ebb Use_Multi
0    37ec7 Touch_Multi
0    37edc SP_trigger_multiple
0    37f5f trigger_always_think
0    37f75 SP_trigger_always
0    37f87 trigger_push_touch
0    37f9f AimAtTarget
0    380a4 SP_trigger_push
0    380e1 Use_target_push
0    38133 SP_target_push
0    381ea trigger_teleporter_touch
0    38245 SP_trigger_teleport
0    3828c hurt_use
0    382ce hurt_touch
0    3846d SP_trigger_hurt
0    384d3 func_timer_think
0    38511 func_timer_use
0    38530 SP_func_timer
0    385aa AddRemap
0    38619 BuildShaderStateConfig
0    3865f G_FindConfigstringIndex
0    386cb G_SkinIndex
0    386de G_ModelIndex
0    386f1 G_SoundIndex
0    38704 G_EffectIndex
0    38717 G_TeamCommand
0    38755 G_Find
0    387a4 G_RadiusList
0    388c4 G_PickTarget
0    3892a G_UseTargets
0    389c9 tv
0    389f7 vtos
0    38a33 G_SetMovedir
0    38a88 G_InitGentity
0    38ab0 G_Spawn
0    38b5e G_EntitiesFree
0    38b89 G_SendG2KillQueue
0    38bcd G_KillG2Queue
0    38bfb G_FreeEntity
0    38ca6 G_TempEntity
0    38cf4 GetTrackerEnt
0    38d2a G_SoundTempEntity
0    38d7e G_KillBox
0    38e4a G_AddPredictableEvent
0    38e65 G_AddEvent
0    38ede G_PlayEffect
0    38f06 G_ScreenShake
0    38f56 G_MuteSound
0    38f9a G_Sound
0    3906d G_SoundAtLoc
0    39084 G_EntitySound
0    390ac ValidUseTarget
0    390c9 TryUse
0    3917d G_PointInBounds
0    391bd G_BoxInBounds
0    39270 G_SetAngles
0    39288 G_ClearTrace
0    392b9 G_SetOrigin
0    392f8 DebugLine
0    393fb G_ROFF_NotetrackCallback
0    394ae touch_NULL
0    394b1 W_TraceSetStart
0    39573 WP_FireBryarPistol
0    39649 WP_FireTurretMissile
0    396a0 WP_FireGenericBlasterMissile
0    396e9 WP_FireBlasterMissile
0    39741 WP_FireEmplacedMissile
0    397a4 WP_FireBlaster
0    397fb WP_DisruptorMainFire
0    39a25 WP_DisruptorAltFire
0    39ded WP_FireDisruptor
0    39e47 WP_BowcasterAltFire
0    39ed1 WP_BowcasterMainFire
0    3a022 WP_FireBowcaster
0    3a037 WP_RepeaterMainFire
0    3a07e WP_RepeaterAltFire
0    3a120 WP_FireRepeater
0    3a17a WP_DEMP2_MainFire
0    3a1f6 DEMP2_AltRadiusDamage
0    3a43a DEMP2_AltDetonate
0    3a4bb WP_DEMP2_AltFire
0    3a5b4 WP_FireDEMP2
0    3a5c9 WP_FlechetteMainFire
0    3a6ae prox_mine_think
0    3a73c WP_TraceSetStart
0    3a7f4 WP_ExplosiveDie
0    3a7fd WP_flechette_alt_blow
0    3a818 WP_CreateFlechetteBouncyThing
0    3a8e9 WP_FlechetteAltFire
0    3a960 WP_FireFlechette
0    3a975 rocketThink
0    3abf6 WP_FireRocket
0    3ad56 thermalDetonatorExplode
0    3ae34 thermalThinkStandard
0    3ae5b WP_FireThermalDetonator
0    3afed WP_DropThermal
0    3b00d laserTrapExplode
0    3b097 laserTrapDelayedExplode
0    3b0df touchLaserTrap
0    3b146 laserTrapThink
0    3b20d laserTrapStick
0    3b320 TrapThink
0    3b332 CreateLaserTrap
0    3b4d3 WP_PlaceLaserTrap
0    3b607 VectorNPos
0    3b66e charge_stick
0    3b8cb DetPackBlow
0    3b934 DetPackPain
0    3b955 DetPackDie
0    3b976 drop_charge
0    3bb19 BlowDetpacks
0    3bb88 CheatsOn
0    3bb95 WP_DropDetPack
0    3bcd7 WP_FireStunBaton
0    3be55 SnapVectorTowards
0    3be9e LogAccuracyHit
0    3beed CalcMuzzlePoint
0    3c022 CalcMuzzlePointOrigin
0    3c0ac FireWeapon
0    3c23f AnimEntCalcMuzzlePoint
0    3c323 AnimEntFireWeapon
0    3c3f3 WP_FireEmplaced
0    3c4f7 emplaced_gun_use
0    3c6f0 emplaced_gun_realuse
0    3c6fe emplaced_gun_pain
0    3c708 emplaced_gun_update
0    3c9ec emplaced_gun_die
0    3ca0d SP_emplaced_gun
0    3cb8b G_PreDefSound
0    3cbac InFront
0    3cc26 CheckForceStringTail
0    3cc91 CheckForceString
0    3cd08 WP_InitForcePowers
0    3d24e WP_SpawnInitForcePowers
0    3d465 ForcePowerUsableOn
0    3d52d WP_ForcePowerAvailable
0    3d57f WP_ForcePowerInUse
0    3d597 WP_ForcePowerUsable
0    3d670 WP_AbsorbConversion
0    3d737 WP_ForcePowerRegenerate
0    3d78f WP_ForcePowerStart
0    3daa4 ForceHeal
0    3dbc5 WP_AddToClientBitflags
0    3dc2a ForceTeamHeal
0    3de6c ForceTeamForceReplenish
0    3e04a ForceGrip
0    3e18b ForceSpeed
0    3e20d ForceSeeing
0    3e27c ForceProtect
0    3e30f ForceAbsorb
0    3e3a2 ForceRage
0    3e44f ForceLightning
0    3e4cd ForceLightningDamage
0    3e5ff ForceShootLightning
0    3e8ef ForceDrain
0    3e96d ForceDrainDamage
0    3eb88 ForceShootDrain
0    3eecb ForceJumpCharge
0    3f005 WP_GetVelocityForForceJump
0    3f1b9 ForceJump
0    3f266 WP_AddAsMindtricked
0    3f2cb ForceTelepathy
0    3f707 GEntity_UseFunc
0    3f71e CanCounterThrow
0    3f788 G_InGetUpAnim
0    3f7c7 ForceThrow
0    40770 WP_ForcePowerStop
0    409b1 DoGripAction
0    40f56 G_IsMindTricked
0    40fbd RemoveTrickedEnt
0    41026 WP_UpdateMindtrickEnts
0    41170 WP_ForcePowerRun
0    41544 WP_DoSpecificPower
0    41759 FindGenericEnemyIndex
0    41890 SeekerDroneUpdate
0    41c72 HolocronUpdate
0    41e09 JediMasterUpdate
0    41f07 WP_HasForcePowers
0    41f41 WP_ForcePowersUpdate
0    42948 Jedi_DodgeEvasion
0    42aaf RandFloat
0    42ac9 SaberUpdateSelf
0    42bca SaberGotHit
0    42be8 WP_SaberInitBladeData
0    42ca7 G_G2ClientSpineAngles
0    42e22 G_G2PlayerAngles
0    43127 SaberAttacking
0    431bf WP_SabersCheckLock2
0    43564 WP_SabersCheckLock
0    43c5a G_GetParryForBlock
0    43c9b WP_GetSaberDeflectionAngle
0    44199 G_KnockawayForParry
0    441c2 G_GetAttackDamage
0    4428b G_GetAnimPoint
0    44300 G_ClientIdleInWorld
0    44366 G_G2TraceCollide
0    44488 G_SaberInBackAttack
0    444a3 CheckSaberDamage
0    45751 CheckThrownSaberDamaged
0    45bea saberCheckRadiusDamage
0    45c55 saberMoveBack
0    45c8b SaberBounceSound
0    45ca1 DeadSaberThink
0    45cc2 MakeDeadSaber
0    45e10 saberBackToOwner
0    46099 thrownSaberTouch
0    4616e saberFirstThrown
0    46483 WP_SaberPositionUpdate
0    47121 WP_MissileBlockForBlock
0    4714f WP_SaberBlockNonRandom
0    4725b WP_SaberBlock
0    473ba WP_SaberCanBlock
0    4757c HasSetSaberOnly
0    475c3 Q_rand
0    475d8 Q_random
0    475ea Q_crandom
0    475fb VectorCompare
0    47633 VectorLength
0    47666 VectorLengthSquared
0    47692 Distance
0    476d3 DistanceSquared
0    47721 VectorNormalizeFast
0    47780 VectorInverse
0    477a8 CrossProduct
0    47821 ClampChar
0    47838 ClampShort
0    4784f DirToByte
0    478aa ByteToDir
0    478c8 ColorBytes3
0    47937 ColorBytes4
0    479c9 NormalizeColor
0    47a3f PlaneFromPoints
0    47afd RotatePointAroundVector
0    47c08 RotateAroundDirection
0    47c4c vectoangles
0    47d08 AnglesToAxis
0    47d3d AxisClear
0    47d74 AxisCopy
0    47d98 ProjectPointOnPlane
0    47e53 MakeNormalVectors
0    47efe VectorRotate
0    47f9b Q_rsqrt
0    47fd2 Q_fabs
0    47fe2 LerpAngle
0    48013 AngleSubtract
0    48038 AnglesSubtract
0    48086 AngleMod
0    48098 AngleNormalize360
0    480a6 AngleNormalize180
0    480c1 AngleDelta
0    480d1 SetPlaneSignbits
0    480fe BoxOnPlaneSide
0    484bf RadiusFromBounds
0    48512 ClearBounds
0    48549 AddPointToBounds
0    485e2 VectorNormalize
0    48652 VectorNormalize2
0    486e0 _VectorMA
0    48722 _DotProduct
0    48757 _VectorSubtract
0    48790 _VectorAdd
0    487c9 _VectorCopy
0    487f0 _VectorScale
0    48820 Vector4Scale
0    48862 Q_log2
0    48881 MatrixMultiply
0    48a56 AngleVectors
0    48b4e PerpendicularVector
0    48bba Rand_Init
0    48bc1 flrand
0    48bfc irand
0    48c2e powf
0    48c51 GetIDForString
0    48c96 GetStringForID
0    48cd2 Com_Clamp
0    48cec Q_stristr
0    48d77 COM_SkipPath
0    48d9b COM_StripExtension
0    48dd1 COM_DefaultExtension
0    48e19 ShortSwap
0    48e39 ShortNoSwap
0    48e44 LongSwap
0    48e77 LongNoSwap
0    48e7d Long64Swap
0    48eba Long64NoSwap
0    48ec2 FloatSwap
0    48ed8 FloatNoSwap
0    48edf COM_BeginParseSession
0    48ef1 COM_GetCurrentParseLine
0    48ef7 COM_Parse
0    48f06 COM_ParseError
0    48f26 COM_ParseWarning
0    48f46 SkipWhitespace
0    48f7d COM_Compress
0    490d0 COM_ParseExt
0    4921c COM_ParseString
0    4923d COM_ParseInt
0    4926a COM_ParseFloat
0    49297 COM_ParseVec4
0    492c4 COM_MatchToken
0    492ed SkipBracedSection
0    4932b SkipRestOfLine
0    49363 Parse1DMatrix
0    493a2 Parse2DMatrix
0    493dd Parse3DMatrix
0    49422 Q_isprint
0    49437 Q_islower
0    4944c Q_isupper
0    49461 Q_isalpha
0    49482 Q_strrchr
0    494b6 Q_strncpyz
0    494f1 Q_stricmpn
0    4957c Q_strncmp
0    495ce Q_stricmp
0    495f6 Q_strlwr
0    4961c Q_strupr
0    49642 Q_strcat
0    4966e Q_PrintStrlen
0    496c6 Q_CleanStr
0    49734 Com_sprintf
0    49773 va
0    497a0 Info_ValueForKey
0    49880 Info_NextPair
0    4991e Info_RemoveKey
0    499ee Info_RemoveKey_Big
0    49abe Info_Validate
0    49ae5 Info_SetValueForKey
0    49bb5 Info_SetValueForKey_Big
0    49c7d Q_irand
1        4 gDuelExit
1        8 gDuelist1
1        c gDuelist2
1       10 gameCvarTable
1      fd0 gameCvarTableSize
1     1004 gQueueScoreMessage
1     1008 gQueueScoreMessageTime
1     100c gDidDuelStuff
1     1014 g_LastFrameTime
1     1018 g_TimeSinceLastFrame
1     101c gDoSlowMoDuel
1     1020 gSlowMoDuelTime
1     1024 ctfStateNames
1     1040 ctfStateDescriptions
1     1058 sagaStateDescriptions
1     1064 teamplayStateDescriptions
1     112c gWPRenderTime
1     1130 gDeactivated
1     1134 gBotEdit
1     1138 gWPRenderedFrame
1     113c gWPNum
1     1140 gLastPrintedIndex
1     1144 gLevelFlags
1     1148 botGlobalNavWeaponWeights
1     1188 randSeed
1     11fc forceMasteryLevels
1     121c forceMasteryPoints
1     123c bgForcePowerCost
1     135c forcePowerSorted
1     13a4 forcePowerDarkLight
1     13ec WeaponReadyAnim
1     142c WeaponAttackAnim
1     146c bg_itemlist
1     1d28 bg_numItems
1     1d80 eventnames
1     1f38 bg_poolSize
1     1f3c bg_poolTail
1     1f40 gPMDoSlowFall
1     1f44 pm_stopspeed
1     1f48 pm_duckScale
1     1f4c pm_swimScale
1     1f50 pm_wadeScale
1     1f54 pm_accelerate
1     1f58 pm_airaccelerate
1     1f5c pm_wateraccelerate
1     1f60 pm_flyaccelerate
1     1f64 pm_friction
1     1f68 pm_waterfriction
1     1f6c pm_flightfriction
1     1f70 pm_spectatorfriction
1     1f74 c_pmove
1     1f78 forceSpeedLevels
1     1f88 forcePowerNeeded
1     20a8 forceJumpHeight
1     20b8 forceJumpStrength
1     215c animTable
1     4bb0 BGPAFtextLoaded
1     4bb4 WP_MuzzlePoint
1     4c74 weaponData
1     4ff4 ammoData
1     501c saberMoveData
1     628c transitionMove
1     6510 saberMoveTransitionAngle
1     672c playerMins
1     6738 playerMaxs
1     6744 gJMSaberEnt
1     6748 g2SaberInstance
1     6780 gc_orders
1     679c gameNames
1     67d8 modNames
1     6a88 hitLocName
1     6b44 gGAvoidDismember
1     6bc4 shieldLoopSound
1     6bc8 shieldAttachSound
1     6bcc shieldActivateSound
1     6bd0 shieldDeactivateSound
1     6bd4 shieldDamageSound
1     6c14 weaponFromMOD
1     6cac weaponNameFromIndex
1     6cec gAnimEntTypes
1     6cf0 animEntRoot
1     6cf4 gEscaping
1     6cf8 gEscapeTime
1     6d2c fields
1     6eac spawns
1     7100 defaultStyles
1     7280 precachedKyle
1     72bc remapCount
1     72f0 gG2KillNum
1     9388 speedLoopSound
1     938c rageLoopSound
1     9390 protectLoopSound
1     9394 absorbLoopSound
1     9398 seeLoopSound
1     939c ysalamiriLoopSound
1     93a0 forcePowerMinRank
1     94c0 GENERIC_FORCE
1     94c4 FORCE_LOWER
1     94c8 FORCE_UPPER
1     96a0 saberSpinSound
1     96a4 saberOffSound
1     96a8 saberOnSound
1     96ac saberHumSound
1     9798 vec3_origin
1     97a4 axisDefault
1     97c8 colorBlack
1     97d8 colorRed
1     97e8 colorGreen
1     97f8 colorBlue
1     9808 colorYellow
1     9818 colorMagenta
1     9828 colorCyan
1     9838 colorWhite
1     9848 colorLtGrey
1     9858 colorMdGrey
1     9868 colorDkGrey
1     9878 colorLtBlue
1     9888 colorDkBlue
1     9898 g_color_table
1     9918 bytedirs
1     a0d0 holdrand
2    10004 ctfFlagStatusRemap
2   3d9040 _stackStart
2   3e9040 _stackEnd
3        0 g_listEntity
3      110 g_podiumDrop
3      220 g_podiumDist
3      330 g_statLogFile
3      440 g_statLog
3      550 g_logSync
3      660 g_log
3      770 g_MaxHolocronCarry
3      880 g_clients
3    18280 cm_botsattackhumans
3    18390 cm_clanLogout_saying
3    184a0 cm_clanLogin_saying
3    185b0 cm_teleport_saying
3    186c0 cm_slay_saying
3    187d0 cm_sleep_off_saying
3    188e0 cm_sleep_on_saying
3    189f0 cm_punish_off_saying
3    18b00 cm_punish_on_saying
3    18c10 cm_slap_saying
3    18d20 cm_silence_off_saying
3    18e30 cm_silence_on_saying
3    18f40 cm_protect_off_saying
3    19050 cm_protect_on_saying
3    19160 cm_terminator_off_saying
3    19270 cm_terminator_on_saying
3    19380 cm_empower_off_saying
3    19490 cm_empower_on_saying
3    195a0 cm_AdminLogout3_saying
3    196b0 cm_AdminLogout2_saying
3    197c0 cm_AdminLogout1_saying
3    198d0 cm_AdminLogin3_saying
3    199e0 cm_AdminLogin2_saying
3    19af0 cm_AdminLogin1_saying
3    19c00 cm_adminPassword3
3    19d10 cm_adminPassword2
3    19e20 cm_adminPassword1
3    19f30 cm_clanPassword
3    1a040 cm_voteControl
3    1a150 cm_emoteControl
3    1a260 cm_adminControl3
3    1a370 cm_adminControl2
3    1a480 cm_adminControl1
3    1a590 cm_adminLevel3
3    1a6a0 cm_adminLevel2
3    1a7b0 cm_adminLevel1
3    1a8c0 cm_report
3    1a9d0 cm_clanTag
3    1aae0 cm_badwords
3    1abf0 sv_maxConnections
3    1ad00 cm_autoprotecttime
3    1ae10 cm_knockmedown
3    1af20 cm_blacknames
3    1b030 cm_duelshield
3    1b140 cm_duelhealth
3    1b250 cm_duelradius
3    1b360 cm_duelstatus
3    1b470 mod_pushall
3    1b580 cm_samenames
3    1b690 cm_duelbeginsaberoff
3    1b7a0 cm_multiduels
3    1b8b0 cm_savedualblade
3    1b9c0 cm_dualblade
3    1bad0 cm_motd_time
3    1bbe0 cm_motd
3    1bcf0 cm_console_motd
3    1be00 g_austrian
3    1bf10 g_saberDebugPrint
3    1c020 g_saberDmgDelay_Wound
3    1c130 g_saberDmgDelay_Idle
3    1c240 g_saberDmgVelocityScale
3    1c350 g_timeouttospec
3    1c460 g_forceDodge
3    1c570 g_dismember
3    1c680 g_singlePlayer
3    1c790 g_enableBreath
3    1c8a0 g_enableDust
3    1c9b0 g_rankings
3    1cac0 pmove_msec
3    1cbd0 pmove_fixed
3    1cce0 g_smoothClients
3    1cdf0 g_blueteam
3    1cf00 g_redteam
3    1d010 g_debugUp
3    1d120 g_debugRight
3    1d230 g_debugForward
3    1d340 g_filterBan
3    1d450 g_banIPs
3    1d560 g_teamForceBalance
3    1d670 g_teamAutoJoin
3    1d780 g_allowVote
3    1d890 g_blood
3    1d9a0 g_doWarmup
3    1dab0 g_warmup
3    1dbc0 g_motd
3    1dcd0 g_synchronousClients
3    1dde0 g_adaptRespawn
3    1def0 g_weaponTeamRespawn
3    1e000 g_weaponRespawn
3    1e110 g_debugDamage
3    1e220 g_debugAlloc
3    1e330 g_debugMove
3    1e440 g_inactivity
3    1e550 g_forcerespawn
3    1e660 g_quadfactor
3    1e770 g_knockback
3    1e880 g_speed
3    1e990 g_gravity
3    1eaa0 g_needpass
3    1ebb0 g_password
3    1ecc0 g_friendlySaber
3    1edd0 g_friendlyFire
3    1eee0 g_saberInterpolate
3    1eff0 g_capturelimit
3    1f100 g_timelimit
3    1f210 g_duel_fraglimit
3    1f320 g_fraglimit
3    1f430 g_duelWeaponDisable
3    1f540 g_fraglimitVoteCorrection
3    1f650 g_allowDuelSuicide
3    1f760 g_weaponDisable
3    1f870 g_forcePowerDisable
3    1f980 g_spawnInvulnerability
3    1fa90 g_forceRegenTime
3    1fba0 g_saberDamageScale
3    1fcb0 g_slowmoDuelEnd
3    1fdc0 g_logClientInfo
3    1fed0 g_saberBoxTraceSize
3    1ffe0 g_saberAlwaysBoxTrace
3    200f0 g_saberGhoul2Collision
3    20200 g_saberTraceSaberFirst
3    20310 g_saberLockFactor
3    20420 g_saberLocking
3    20530 g_privateDuel
3    20640 g_forceBasedTeams
3    20750 g_maxForceRank
3    20860 g_dmflags
3    20970 g_autoMapCycle
3    20a80 g_trueJedi
3    20b90 g_restarted
3    20ca0 g_maxGameClients
3    20db0 g_maxclients
3    20ec0 g_cheats
3    20fd0 g_dedicated
3    210e0 g_gametype
3    211f0 g_entities
3    f61f0 level
3    f8590 g_ff_objectives
3    f86ac droppedBlueFlag
3    f86b0 droppedRedFlag
3    f86b4 gBotEventTracker
3    f88b4 regularupdate_time
3    f88b8 numbots
3    f88bc botstates
3    f893c floattime
3    f8940 eFlagBlue
3    f8944 eFlagRed
3    f8948 oFlagBlue
3    f894c flagBlue
3    f8950 oFlagRed
3    f8954 flagRed
3    f8958 bot_wp_visconnect
3    f8a68 bot_wp_distconnect
3    f8b78 bot_wp_clearweight
3    f8c88 bot_wp_edit
3    f8d98 bot_wp_info
3    f8ea8 bot_camp
3    f8fb8 bot_attachments
3    f90c8 bot_honorableduelacceptance
3    f91d8 bot_forgimmick
3    f92e8 bot_forcepowers
3    f93f8 gBotChatBuffer
3   1393f8 nodenum
3   1393fc nodetable
3   1593fc gWPArray
3   15d3fc bg_pool
3   3513fc pml
3   351888 pm
3   35188c BGPAFtext
3   35b4cc bgGlobalAnimations
3   363940 podium3
3   363944 podium2
3   363948 podium1
3   363950 bot_minplayers
3   363a60 botSpawnQueue
3   363ae0 g_arenaInfos
3   364ae0 g_numArenas
3   364ae4 g_botInfos
3   365ae4 g_numBots
3   365ee8 Client_Force
3   369df0 itemRegistered
3   36a1f0 G_WeaponLogItems
3   36a9f0 G_WeaponLogPowerups
3   36ad70 G_WeaponLogClientTouch
3   36adf0 G_WeaponLogLastTime
3   36ae70 G_WeaponLogTime
3   36b670 G_WeaponLogFrags
3   36c670 G_WeaponLogDeaths
3   36ce70 G_WeaponLogKills
3   36e170 G_WeaponLogDamage
3   36f470 G_WeaponLogFired
3   36fc70 G_WeaponLogPickups
3   370470 allocPoint
3   370474 memoryPool
3   3b0474 gJanSound_Alert
3   3b0488 gJanSound_Death
3   3b0494 gJanSound_Pain
3   3b04a4 gRodianSound_Alert
3   3b04b8 gRodianSound_Death
3   3b04c4 gRodianSound_Pain
3   3b04d4 gTrooperSound_Alert
3   3b04e8 gTrooperSound_Death
3   3b04f4 gTrooperSound_Pain
3   3b0504 gExplSound
3   3b0508 pushed_p
3   3b050c pushed
3   3b850c imperial_attackers
3   3b8510 rebel_attackers
3   3b8514 rebel_goals_completed
3   3b8518 rebel_goals_required
3   3b851c imperial_goals_completed
3   3b8520 imperial_goals_required
3   3b8524 saga_round_over
3   3b8528 saga_valid
3   3b852c saga_info
3   3ba52c numIPFilters
3   3ba530 ipFilters
3   3bc530 teamgame
3   3bc54c gTrigFallSound
3   3bdaf0 gG2KillIndex
3   3bdbf0 remappedShaders
3   3c1df0 ent_list
3   3c2df0 muzzle
3   3c2dfc up
3   3c2e08 right
3   3c2e14 forward
3   3c2e20 s_quadFactor
3   3d883c com_lines
3   3d8840 com_parsename
3   3d8c40 com_token
